09:57:57 **** Incremental Build of configuration Debug for project Node_1 ****
make -j8 all 
arm-none-eabi-gcc "../Core/Src/main.c" -mcpu=cortex-m3 -std=gnu11 -g3 -DDEBUG -DUSE_HAL_DRIVER -DSTM32F103xB -c -I../Core/Inc -I../Drivers/STM32F1xx_HAL_Driver/Inc/Legacy -I../Drivers/STM32F1xx_HAL_Driver/Inc -I../Drivers/CMSIS/Device/ST/STM32F1xx/Include -I../Drivers/CMSIS/Include -I../Middlewares/Third_Party/FreeRTOS/Source/include -I../Middlewares/Third_Party/FreeRTOS/Source/CMSIS_RTOS_V2 -I../Middlewares/Third_Party/FreeRTOS/Source/portable/GCC/ARM_CM3 -O0 -ffunction-sections -fdata-sections -Wall -fstack-usage -fcyclomatic-complexity -MMD -MP -MF"Core/Src/main.d" -MT"Core/Src/main.o" --specs=nano.specs -mfloat-abi=soft -mthumb -o "Core/Src/main.o"
arm-none-eabi-gcc -o "Node_1.elf" @"objects.list"   -mcpu=cortex-m3 -T"D:\Codes\Projects\Communication_Protocols\SPI\Node_1\STM32F103C8TX_FLASH.ld" --specs=nosys.specs -Wl,-Map="Node_1.map" -Wl,--gc-sections -static --specs=nano.specs -mfloat-abi=soft -mthumb -Wl,--start-group -lc -lm -Wl,--end-group
Finished building target: Node_1.elf
 
arm-none-eabi-size   Node_1.elf 
arm-none-eabi-objdump -h -S  Node_1.elf  > "Node_1.list"
arm-none-eabi-objcopy  -O ihex  Node_1.elf  "Node_1.hex"
   text	   data	    bss	    dec	    hex	filename
  17856	    120	   8624	  26600	   67e8	Node_1.elf
Finished building: default.size.stdout
 
Finished building: Node_1.hex
 
Finished building: Node_1.list
 
